Microchip MPLAB XC8 Compiler V3.10

Linker command line:

-W-3 \
  --edf=C:\Program Files\Microchip\xc8\v3.10\pic\dat\20250813170317_en.msgs \
  -cn -h+dist/default/production\CAR_BLACK_BOX.X.production.sym \
  --cmf=dist/default/production\CAR_BLACK_BOX.X.production.cmf -z -Q18F4580 \
  -oC:\Users\EDWINS~1\AppData\Local\Temp\xcAs5jw.0\driver_tmp_3.o \
  --defsym=__MPLAB_BUILD=1 --fixupoverflow=error \
  -Mdist/default/production/CAR_BLACK_BOX.X.production.map \
  --md=C:\Users\EDWINS~1\AppData\Local\Temp\xcAs5jw.0\driver_tmp_0.dat -E1 \
  -ver=XC8 Compiler -ACODE=00h-03000h -ACONST=00h-03000h \
  -ASMALLCONST=0600h-06FFhx42,03000h-03000h -AMEDIUMCONST=0600h-03000h \
  -ACOMRAM=01h-05Fh -AABS1=00h-05FFh -ABIGRAM=01h-05FFh \
  -ARAM=060h-0FFh,0100h-01FFhx5 -ABANK0=060h-0FFh -ABANK1=0100h-01FFh \
  -ABANK2=0200h-02FFh -ABANK3=0300h-03FFh -ABANK4=0400h-04FFh \
  -ABANK5=0500h-05FFh -ASFR=0D00h-0DFFhx2,0F00h-0F5Fh,0F60h-0FFFh \
  -ABIGSFR=0D00h-0FFFh -ACONFIG=0300000h-030000Dh -AIDLOC=0200000h-0200007h \
  -AEEDATA=0F00000h-0F000FFh -peeprom_data=EEDATA \
  -preset_vec=00h,intcode=8h,intcodelo=18h,sivt_lo,sivt_hi=CODE \
  -ppowerup=CODE,init -pramtop=0600h -psmallconst=SMALLCONST \
  -pmediumconst=MEDIUMCONST -pconst=CONST -AFARRAM=00h-00h \
  -prdata=COMRAM,nvrram=COMRAM,nvbit=COMRAM,rbss=COMRAM,rbit=COMRAM \
  -pfarbss=FARRAM,fardata=FARRAM,nvFARRAM=FARRAM \
  -pintsave_regs=BIGRAM,bigbss=BIGRAM,bigdata=BIGRAM -pbss=RAM \
  -pidata=CODE,irdata=CODE,ibigdata=CODE,ifardata=CODE -prparam=COMRAM \
  C:\Users\EDWINS~1\AppData\Local\Temp\xcAs5jw.0\driver_tmp_9.o \
  dist/default/production\CAR_BLACK_BOX.X.production.o 

Object code version is 3.11

Machine type is 18F4580



                Name                               Link     Load   Length Selector   Space Scale
C:\Users\EDWINS~1\AppData\Local\Temp\xcAs5jw.0\driver_tmp_9.o
                idloc                            200000   200000        8        0       5
                config                           300000   300000        E        0       4
                init                                  E        E        4        4       0
                reset_vec                             0        0        4        0       0
dist/default/production\CAR_BLACK_BOX.X.production.o
                intcode                               8        8        6        4       0
                idloc                            200000   200000        8        0       5
                config                           300000   300000        E        0       4
                mediumconst                        2E9E     2E9E      162     174F       0
                intcode_body                       1340     1340       94        4       0
                text41                             1792     1792       3A        4       0
                text40                             153C     153C       6C        4       0
                text39                             188A     188A       22        4       0
                text38                             1034     1034      108        4       0
                text37                             1456     1456       74        4       0
                text36                             1242     1242       FE        4       0
                text35                             193E     193E       18        4       0
                text34                             166A     166A       5E        4       0
                text33                             19A4     19A4       12        4       0
                text32                              EA8      EA8      18C        4       0
                text31                             190A     190A       1C        4       0
                text30                             17CC     17CC       34        4       0
                text29                             19EE     19EE        6        4       0
                text28                             1992     1992       12        4       0
                text27                             19E6     19E6        8        4       0
                text26                             19C2     19C2        C        4       0
                text25                             19DE     19DE        8        4       0
                text24                             19D6     19D6        8        4       0
                text23                             19CE     19CE        8        4       0
                text22                             19B6     19B6        C        4       0
                text21                             1860     1860       2A        4       0
                text20                             18EC     18EC       1E        4       0
                text19                             16C8     16C8       48        4       0
                text18                             1956     1956       16        4       0
                text17                             1980     1980       12        4       0
                text16                             196C     196C       14        4       0
                text15                             18CC     18CC       20        4       0
                text14                             18AC     18AC       20        4       0
                text13                             14CA     14CA       72        4       0
                text12                             15A8     15A8       64        4       0
                text11                             1756     1756       3C        4       0
                text10                              3A0      3A0      31E        4       0
                text9                                12       12      38E        4       0
                text8                              113C     113C      106        4       0
                text7                               B62      B62      1B4        4       0
                text6                              13D4     13D4       82        4       0
                text5                              1710     1710       46        4       0
                text4                              1830     1830       30        4       0
                text3                               6BE      6BE      2EA        4       0
                text2                              1926     1926       18        4       0
                text1                               9A8      9A8      1BA        4       0
                text0                               D16      D16      192        4       0
                cstackCOMRAM                          2        2       3C        2       1
                dataBANK0                            60       60       30       60       1
                bssBANK0                             90       90       1C       60       1
                dataCOMRAM                           5D       5D        2        2       1
                bssCOMRAM                            3E       3E       1F        2       1
                cinit                              160C     160C       5E        4       0
                idataBANK0                         1800     1800       30        4       0
                idataCOMRAM                        19F4     19F4        2        4       0

TOTAL           Name                               Link     Load   Length     Space
        CLASS   CODE           
                intcode                               8        8        6         0
                init                                  E        E        4         0
                reset_vec                             0        0        4         0
                intcode_body                       1340     1340       94         0
                text41                             1792     1792       3A         0
                text40                             153C     153C       6C         0
                text39                             188A     188A       22         0
                text38                             1034     1034      108         0
                text37                             1456     1456       74         0
                text36                             1242     1242       FE         0
                text35                             193E     193E       18         0
                text34                             166A     166A       5E         0
                text33                             19A4     19A4       12         0
                text32                              EA8      EA8      18C         0
                text31                             190A     190A       1C         0
                text30                             17CC     17CC       34         0
                text29                             19EE     19EE        6         0
                text28                             1992     1992       12         0
                text27                             19E6     19E6        8         0
                text26                             19C2     19C2        C         0
                text25                             19DE     19DE        8         0
                text24                             19D6     19D6        8         0
                text23                             19CE     19CE        8         0
                text22                             19B6     19B6        C         0
                text21                             1860     1860       2A         0
                text20                             18EC     18EC       1E         0
                text19                             16C8     16C8       48         0
                text18                             1956     1956       16         0
                text17                             1980     1980       12         0
                text16                             196C     196C       14         0
                text15                             18CC     18CC       20         0
                text14                             18AC     18AC       20         0
                text13                             14CA     14CA       72         0
                text12                             15A8     15A8       64         0
                text11                             1756     1756       3C         0
                text10                              3A0      3A0      31E         0
                text9                                12       12      38E         0
                text8                              113C     113C      106         0
                text7                               B62      B62      1B4         0
                text6                              13D4     13D4       82         0
                text5                              1710     1710       46         0
                text4                              1830     1830       30         0
                text3                               6BE      6BE      2EA         0
                text2                              1926     1926       18         0
                text1                               9A8      9A8      1BA         0
                text0                               D16      D16      192         0
                cinit                              160C     160C       5E         0
                idataBANK0                         1800     1800       30         0
                idataCOMRAM                        19F4     19F4        2         0

        CLASS   CONST          

        CLASS   SMALLCONST     

        CLASS   MEDIUMCONST    
                mediumconst                        2E9E     2E9E      162         0

        CLASS   COMRAM         
                cstackCOMRAM                          2        2       3C         1
                dataCOMRAM                           5D       5D        2         1
                bssCOMRAM                            3E       3E       1F         1

        CLASS   ABS1           
                abs_s1                                1        1        1         1

        CLASS   BIGRAM         

        CLASS   RAM            

        CLASS   BANK0          
                dataBANK0                            60       60       30         1
                bssBANK0                             90       90       1C         1

        CLASS   BANK1          

        CLASS   BANK2          

        CLASS   BANK3          

        CLASS   BANK4          

        CLASS   BANK5          

        CLASS   SFR            

        CLASS   BIGSFR         

        CLASS   CONFIG         
                config                           300000   300000        E         4

        CLASS   IDLOC          
                idloc                            200000   200000        8         5

        CLASS   EEDATA         

        CLASS   FARRAM         

        CLASS   HEAP           

        CLASS   STACK          



SEGMENTS        Name                           Load    Length   Top    Selector   Space  Class

                reset_vec                      000000  000004  000004         0       0  CODE    
                cstackCOMRAM                   000002  00005D  00005F         2       1  COMRAM  
                intcode                        000008  0019EE  0019F6         4       0  CODE    
                dataBANK0                      000060  00004C  0000AC        60       1  BANK0   
                mediumconst                    002E9E  000162  003000      174F       0  MEDIUMCO


UNUSED ADDRESS RANGES

        Name                Unused          Largest block    Delta
        BANK0            0000AC-0000FF               54
        BANK1            000100-0001FF              100
        BANK2            000200-0002FF              100
        BANK3            000300-0003FF              100
        BANK4            000400-0004FF              100
        BANK5            000500-0005FF              100
        BIGRAM           00005F-00005F                1
                         0000AC-0005FF              554
        BIGSFR           000D00-000FFF              300
        CODE             000004-000007                4
                         0019F6-002E9D             14A8
                         003000-003000                1
        COMRAM           00005F-00005F                1
        CONST            000004-000007                4
                         0019F6-002E9D             14A8
                         003000-003000                1
        EEDATA           F00000-F000FF              100
        MEDIUMCONST      0019F6-002E9D             14A8
                         003000-003000                1
        RAM              0000AC-0005FF              100
        SFR              000D00-000FFF              100
        SMALLCONST       0019F6-002E9D              100
                         003000-003000                1

                                  Symbol Table

?___fldiv                      cstackCOMRAM 000017
?___fltol                      cstackCOMRAM 000030
?___lwdiv                      cstackCOMRAM 000002
?___lwmod                      cstackCOMRAM 000002
?___xxtofl                     cstackCOMRAM 000009
?_read_adc                     cstackCOMRAM 000002
_ACKDT                         (abs)        007E2D
_ACKEN                         (abs)        007E2C
_ACKSTAT                       (abs)        007E2E
_ACQT0                         (abs)        007E03
_ACQT1                         (abs)        007E04
_ACQT2                         (abs)        007E05
_ADCON0                        (abs)        000FC2
_ADCON1                        (abs)        000FC1
_ADCS0                         (abs)        007E00
_ADCS1                         (abs)        007E01
_ADCS2                         (abs)        007E02
_ADFM                          (abs)        007E07
_ADON                          (abs)        007E10
_ADRESH                        (abs)        000FC4
_ADRESL                        (abs)        000FC3
_BCLIF                         (abs)        007D0B
_BRG16                         (abs)        007DC3
_BRGH                          (abs)        007D62
_CKE                           (abs)        007E3E
_CREN                          (abs)        007D5C
_EEADR                         (abs)        000FA9
_EECON1bits                    (abs)        000FA6
_EECON2                        (abs)        000FA7
_EEDATA                        (abs)        000FA8
_GIE                           (abs)        007F97
_GO                            (abs)        007E11
_GODONE                        (abs)        007E11
_PEN                           (abs)        007E2A
_PIR2bits                      (abs)        000FA1
_PORTB                         (abs)        000F81
_PORTBbits                     (abs)        000F81
_PORTD                         (abs)        000F83
_PSA                           (abs)        007EAB
_RBPU                          (abs)        007F8F
_RC0                           (abs)        007C10
_RC1                           (abs)        007C11
_RC2                           (abs)        007C12
_RCEN                          (abs)        007E2B
_RCIF                          (abs)        007CF5
_RCREG                         (abs)        000FAE
_RD7                           (abs)        007C1F
_RSEN                          (abs)        007E29
_RX9                           (abs)        007D5E
_SEN                           (abs)        007E28
_SENDB                         (abs)        007D63
_SMP                           (abs)        007E3F
_SPBRG                         (abs)        000FAF
_SPEN                          (abs)        007D5F
_SSPADD                        (abs)        000FC8
_SSPBUF                        (abs)        000FC9
_SSPCON1                       (abs)        000FC6
_SSPIF                         (abs)        007CF3
_SYNC                          (abs)        007D64
_T08BIT                        (abs)        007EAE
_T0CS                          (abs)        007EAD
_TMR0                          (abs)        000FD6
_TMR0IE                        (abs)        007F95
_TMR0IF                        (abs)        007F92
_TMR0ON                        (abs)        007EAF
_TRISB                         (abs)        000F93
_TRISC                         (abs)        000F94
_TRISC3                        (abs)        007CA3
_TRISC4                        (abs)        007CA4
_TRISC6                        (abs)        007CA6
_TRISC7                        (abs)        007CA7
_TRISD                         (abs)        000F95
_TRISD7                        (abs)        007CAF
_TX9                           (abs)        007D66
_TXEN                          (abs)        007D65
_TXIF                          (abs)        007CF4
_TXREG                         (abs)        000FAD
_VCFG0                         (abs)        007E0C
_VCFG1                         (abs)        007E0D
__HRAM                         (abs)        000000
__H__absolute__                __absolute__ 000000
__Habs1                        abs1         000000
__Hbank0                       bank0        000000
__Hbank1                       bank1        000000
__Hbank2                       bank2        000000
__Hbank3                       bank3        000000
__Hbank4                       bank4        000000
__Hbank5                       bank5        000000
__Hbigbss                      bigbss       000000
__Hbigdata                     bigdata      000000
__Hbigram                      bigram       000000
__Hbigsfr                      bigsfr       000000
__Hbss                         bss          000000
__HbssBANK0                    bssBANK0     000000
__HbssCOMRAM                   bssCOMRAM    000000
__Hcinit                       cinit        000000
__Hclrtext                     clrtext      000000
__Hcomram                      comram       000000
__Hconfig                      config       30000E
__Hconst                       const        000000
__HcstackCOMRAM                cstackCOMRAM 000000
__Hdata                        data         000000
__HdataBANK0                   dataBANK0    000000
__HdataCOMRAM                  dataCOMRAM   000000
__Heeprom_data                 eeprom_data  000000
__Hfarbss                      farbss       000000
__Hfardata                     fardata      000000
__Hheap                        heap         000000
__Hibigdata                    ibigdata     000000
__Hidata                       idata        000000
__HidataBANK0                  idataBANK0   000000
__HidataCOMRAM                 idataCOMRAM  000000
__Hidloc                       idloc        200008
__Hifardata                    ifardata     000000
__Hinit                        init         000012
__Hintcode                     intcode      00000E
__Hintcode_body                intcode_body 000000
__Hintcodelo                   intcodelo    000018
__Hintentry                    intentry     000000
__Hintret                      intret       000000
__Hintsave_regs                intsave_regs 000000
__Hirdata                      irdata       000000
__Hmediumconst                 mediumconst  003000
__HnvFARRAM                    nvFARRAM     000000
__Hnvbit                       nvbit        000000
__Hnvrram                      nvrram       000000
__Hparam                       rparam       000000
__Hpowerup                     powerup      000000
__Hram                         ram          000000
__Hramtop                      ramtop       000600
__Hrbit                        rbit         000000
__Hrbss                        rbss         000000
__Hrdata                       rdata        000000
__Hreset_vec                   reset_vec    000004
__Hrparam                      rparam       000000
__Hsfr                         sfr          000000
__Hsivt_hi                     sivt_hi      000000
__Hsivt_lo                     sivt_lo      000018
__Hsmallconst                  smallconst   000000
__Hspace_0                     (abs)        003000
__Hspace_1                     (abs)        0000AC
__Hspace_2                     (abs)        000000
__Hspace_4                     (abs)        60000E
__Hstack                       stack        000000
__Hstruct                      struct       000000
__Htemp                        temp         000000
__Htext                        text         000000
__Htext0                       text0        000000
__Htext1                       text1        000000
__Htext10                      text10       000000
__Htext11                      text11       000000
__Htext12                      text12       000000
__Htext13                      text13       000000
__Htext14                      text14       000000
__Htext15                      text15       000000
__Htext16                      text16       000000
__Htext17                      text17       000000
__Htext18                      text18       000000
__Htext19                      text19       000000
__Htext2                       text2        000000
__Htext20                      text20       000000
__Htext21                      text21       000000
__Htext22                      text22       000000
__Htext23                      text23       000000
__Htext24                      text24       000000
__Htext25                      text25       000000
__Htext26                      text26       000000
__Htext27                      text27       000000
__Htext28                      text28       000000
__Htext29                      text29       000000
__Htext3                       text3        000000
__Htext30                      text30       000000
__Htext31                      text31       000000
__Htext32                      text32       000000
__Htext33                      text33       000000
__Htext34                      text34       000000
__Htext35                      text35       000000
__Htext36                      text36       000000
__Htext37                      text37       000000
__Htext38                      text38       000000
__Htext39                      text39       000000
__Htext4                       text4        000000
__Htext40                      text40       000000
__Htext41                      text41       000000
__Htext5                       text5        000000
__Htext6                       text6        000000
__Htext7                       text7        000000
__Htext8                       text8        000000
__Htext9                       text9        000000
__LRAM                         (abs)        000001
__L__absolute__                __absolute__ 000000
__Labs1                        abs1         000000
__Lbank0                       bank0        000000
__Lbank1                       bank1        000000
__Lbank2                       bank2        000000
__Lbank3                       bank3        000000
__Lbank4                       bank4        000000
__Lbank5                       bank5        000000
__Lbigbss                      bigbss       000000
__Lbigdata                     bigdata      000000
__Lbigram                      bigram       000000
__Lbigsfr                      bigsfr       000000
__Lbss                         bss          000000
__LbssBANK0                    bssBANK0     000000
__LbssCOMRAM                   bssCOMRAM    000000
__Lcinit                       cinit        000000
__Lclrtext                     clrtext      000000
__Lcomram                      comram       000000
__Lconfig                      config       000000
__Lconst                       const        000000
__LcstackCOMRAM                cstackCOMRAM 000000
__Ldata                        data         000000
__LdataBANK0                   dataBANK0    000000
__LdataCOMRAM                  dataCOMRAM   000000
__Leeprom_data                 eeprom_data  000000
__Lfarbss                      farbss       000000
__Lfardata                     fardata      000000
__Lheap                        heap         000000
__Libigdata                    ibigdata     000000
__Lidata                       idata        000000
__LidataBANK0                  idataBANK0   000000
__LidataCOMRAM                 idataCOMRAM  000000
__Lidloc                       idloc        000000
__Lifardata                    ifardata     000000
__Linit                        init         00000E
__Lintcode                     intcode      000008
__Lintcode_body                intcode_body 000000
__Lintcodelo                   intcodelo    000018
__Lintentry                    intentry     000000
__Lintret                      intret       000000
__Lintsave_regs                intsave_regs 000000
__Lirdata                      irdata       000000
__Lmediumconst                 mediumconst  002E9E
__LnvFARRAM                    nvFARRAM     000000
__Lnvbit                       nvbit        000000
__Lnvrram                      nvrram       000000
__Lparam                       rparam       000000
__Lpowerup                     powerup      000000
__Lram                         ram          000000
__Lramtop                      ramtop       000600
__Lrbit                        rbit         000000
__Lrbss                        rbss         000000
__Lrdata                       rdata        000000
__Lreset_vec                   reset_vec    000000
__Lrparam                      rparam       000000
__Lsfr                         sfr          000000
__Lsivt_hi                     sivt_hi      000000
__Lsivt_lo                     sivt_lo      000018
__Lsmallconst                  smallconst   000000
__Lspace_0                     (abs)        000000
__Lspace_1                     (abs)        000000
__Lspace_2                     (abs)        000000
__Lspace_4                     (abs)        000000
__Lstack                       stack        000000
__Lstruct                      struct       000000
__Ltemp                        temp         000000
__Ltext                        text         000000
__Ltext0                       text0        000000
__Ltext1                       text1        000000
__Ltext10                      text10       000000
__Ltext11                      text11       000000
__Ltext12                      text12       000000
__Ltext13                      text13       000000
__Ltext14                      text14       000000
__Ltext15                      text15       000000
__Ltext16                      text16       000000
__Ltext17                      text17       000000
__Ltext18                      text18       000000
__Ltext19                      text19       000000
__Ltext2                       text2        000000
__Ltext20                      text20       000000
__Ltext21                      text21       000000
__Ltext22                      text22       000000
__Ltext23                      text23       000000
__Ltext24                      text24       000000
__Ltext25                      text25       000000
__Ltext26                      text26       000000
__Ltext27                      text27       000000
__Ltext28                      text28       000000
__Ltext29                      text29       000000
__Ltext3                       text3        000000
__Ltext30                      text30       000000
__Ltext31                      text31       000000
__Ltext32                      text32       000000
__Ltext33                      text33       000000
__Ltext34                      text34       000000
__Ltext35                      text35       000000
__Ltext36                      text36       000000
__Ltext37                      text37       000000
__Ltext38                      text38       000000
__Ltext39                      text39       000000
__Ltext4                       text4        000000
__Ltext40                      text40       000000
__Ltext41                      text41       000000
__Ltext5                       text5        000000
__Ltext6                       text6        000000
__Ltext7                       text7        000000
__Ltext8                       text8        000000
__Ltext9                       text9        000000
__S0                           (abs)        003000
__S1                           (abs)        0000AC
__S4                           (abs)        000000
__S5                           (abs)        000000
___fldiv                       text9        000012
___fldiv@a                     cstackCOMRAM 00001B
___fldiv@aexp                  cstackCOMRAM 00002F
___fldiv@b                     cstackCOMRAM 000017
___fldiv@bexp                  cstackCOMRAM 00002E
___fldiv@grs                   cstackCOMRAM 00002A
___fldiv@new_exp               cstackCOMRAM 000028
___fldiv@rem                   cstackCOMRAM 000023
___fldiv@sign                  cstackCOMRAM 000027
___fltol                       text8        00113C
___fltol@exp1                  cstackCOMRAM 000039
___fltol@f1                    cstackCOMRAM 000030
___fltol@sign1                 cstackCOMRAM 000038
___heap_hi                     (abs)        000000
___heap_lo                     (abs)        000000
___inthi_sp                    stack        000000
___inthi_stack_hi              stack        000000
___inthi_stack_lo              stack        000000
___intlo_sp                    stack        000000
___intlo_stack_hi              stack        000000
___intlo_stack_lo              stack        000000
___lwdiv                       text13       0014CA
___lwdiv@counter               cstackCOMRAM 000008
___lwdiv@dividend              cstackCOMRAM 000002
___lwdiv@divisor               cstackCOMRAM 000004
___lwdiv@quotient              cstackCOMRAM 000006
___lwmod                       text12       0015A8
___lwmod@counter               cstackCOMRAM 000006
___lwmod@dividend              cstackCOMRAM 000002
___lwmod@divisor               cstackCOMRAM 000004
___param_bank                  (abs)        000000
___rparam_used                 (abs)        000001
___sp                          stack        000000
___stack_hi                    stack        000000
___stack_lo                    stack        000000
___xxtofl                      text7        000B62
___xxtofl@arg                  cstackCOMRAM 000013
___xxtofl@exp                  cstackCOMRAM 000012
___xxtofl@sign                 cstackCOMRAM 000011
___xxtofl@val                  cstackCOMRAM 000009
__accesstop                    (abs)        000060
__activetblptr                 (abs)        000002
__end_of___fldiv               text9        0003A0
__end_of___fltol               text8        001242
__end_of___lwdiv               text13       00153C
__end_of___lwmod               text12       00160C
__end_of___xxtofl              text7        000D16
__end_of__initialization       cinit        00165C
__end_of_bcd_converter         text11       001792
__end_of_clcd_print            text40       0015A8
__end_of_clcd_putch            text2        00193E
__end_of_clcd_write            text41       0017CC
__end_of_clear_clcd            text39       0018AC
__end_of_display_main_menu     text36       001340
__end_of_download_log          text32       001034
__end_of_get_time              text6        001456
__end_of_i2c_idle              text28       0019A4
__end_of_i2c_no_ack            text29       0019F4
__end_of_i2c_read              text26       0019CE
__end_of_i2c_rep_start         text25       0019E6
__end_of_i2c_rx_mode           text27       0019EE
__end_of_i2c_start             text24       0019DE
__end_of_i2c_stop              text23       0019D6
__end_of_i2c_write             text22       0019C2
__end_of_init_adc              text31       001926
__end_of_init_clcd             text30       001800
__end_of_init_config           text14       0018CC
__end_of_init_ds1307           text19       001710
__end_of_init_i2c              text18       00196C
__end_of_init_matrix_keypad    text17       001992
__end_of_init_timer0           text16       001980
__end_of_init_uart             text15       0018EC
__end_of_isr                   intcode_body 0013D4
__end_of_main                  text0        000EA8
__end_of_putch                 text35       001956
__end_of_puts                  text34       0016C8
__end_of_read_adc              text5        001756
__end_of_read_ds1307           text21       00188A
__end_of_read_internal_eeprom  text33       0019B6
__end_of_read_switches         text37       0014CA
__end_of_scan_key              text38       00113C
__end_of_set_time              text10       0006BE
__end_of_view_dashboard        text3        0009A8
__end_of_view_log              text1        000B62
__end_of_write_ds1307          text20       00190A
__end_of_write_internal_eeprom text4        001860
__initialization               cinit        00160C
__mediumconst                  mediumconst  002E9E
__pbssBANK0                    bssBANK0     000090
__pbssCOMRAM                   bssCOMRAM    00003E
__pcinit                       cinit        00160C
__pcstackCOMRAM                cstackCOMRAM 000002
__pdataBANK0                   dataBANK0    000060
__pdataCOMRAM                  dataCOMRAM   00005D
__pidataBANK0                  idataBANK0   001800
__pidataCOMRAM                 idataCOMRAM  0019F4
__pintcode                     intcode      000008
__pintcode_body                intcode_body 001340
__pmediumconst                 mediumconst  002E9E
__ptext0                       text0        000D16
__ptext1                       text1        0009A8
__ptext10                      text10       0003A0
__ptext11                      text11       001756
__ptext12                      text12       0015A8
__ptext13                      text13       0014CA
__ptext14                      text14       0018AC
__ptext15                      text15       0018CC
__ptext16                      text16       00196C
__ptext17                      text17       001980
__ptext18                      text18       001956
__ptext19                      text19       0016C8
__ptext2                       text2        001926
__ptext20                      text20       0018EC
__ptext21                      text21       001860
__ptext22                      text22       0019B6
__ptext23                      text23       0019CE
__ptext24                      text24       0019D6
__ptext25                      text25       0019DE
__ptext26                      text26       0019C2
__ptext27                      text27       0019E6
__ptext28                      text28       001992
__ptext29                      text29       0019EE
__ptext3                       text3        0006BE
__ptext30                      text30       0017CC
__ptext31                      text31       00190A
__ptext32                      text32       000EA8
__ptext33                      text33       0019A4
__ptext34                      text34       00166A
__ptext35                      text35       00193E
__ptext36                      text36       001242
__ptext37                      text37       001456
__ptext38                      text38       001034
__ptext39                      text39       00188A
__ptext4                       text4        001830
__ptext40                      text40       00153C
__ptext41                      text41       001792
__ptext5                       text5        001710
__ptext6                       text6        0013D4
__ptext7                       text7        000B62
__ptext8                       text8        00113C
__ptext9                       text9        000012
__ramtop                       ramtop       000600
__smallconst                   mediumconst  002E9E
_bcd_converter                 text11       001756
_clcd_print                    text40       00153C
_clcd_putch                    text2        001926
_clcd_write                    text41       001792
_clear_clcd                    text39       00188A
_clock_reg                     bssCOMRAM    00003E
_count@timer0$F585             bssCOMRAM    000041
_display_main_menu             text36       001242
_download_log                  text32       000EA8
_field                         bssCOMRAM    000043
_from                          bssBANK0     000098
_gear                          bssCOMRAM    00005B
_get_time                      text6        0013D4
_gr                            bssCOMRAM    00004D
_hr                            bssCOMRAM    000049
_hr_str                        bssBANK0     0000A9
_i2c_idle                      text28       001992
_i2c_no_ack                    text29       0019EE
_i2c_read                      text26       0019C2
_i2c_rep_start                 text25       0019DE
_i2c_rx_mode                   text27       0019E6
_i2c_start                     text24       0019D6
_i2c_stop                      text23       0019CE
_i2c_write                     text22       0019B6
_ind                           bssCOMRAM    00004F
_index                         bssCOMRAM    000053
_init_adc                      text31       00190A
_init_clcd                     text30       0017CC
_init_config                   text14       0018AC
_init_ds1307                   text19       0016C8
_init_i2c                      text18       001956
_init_matrix_keypad            text17       001980
_init_timer0                   text16       00196C
_init_uart                     text15       0018CC
_isr                           intcode      000008
_key                           dataCOMRAM   00005E
_log_num                       bssCOMRAM    000051
_main                          text0        000D16
_min                           bssCOMRAM    000047
_min_str                       bssBANK0     0000A6
_of_flag                       bssBANK0     000096
_pgr                           dataBANK0    00008C
_pind                          dataBANK0    00008E
_putch                         text35       00193E
_puts                          text34       00166A
_read_adc                      text5        001710
_read_ds1307                   text21       001860
_read_internal_eeprom          text33       0019A4
_read_switches                 text37       001456
_scan_key                      text38       001034
_sec                           bssCOMRAM    000045
_sec_str                       bssBANK0     0000A3
_set_time                      text10       0003A0
_spd                           bssCOMRAM    00004B
_speed                         bssCOMRAM    000057
_state                         bssCOMRAM    000056
_time                          bssBANK0     00009A
_toggle                        bssBANK0     000090
_view_dashboard                text3        0006BE
_view_log                      text1        0009A8
_write_ds1307                  text20       0018EC
_write_internal_eeprom         text4        001830
bcd_converter@ch               cstackCOMRAM 00000B
bcd_converter@num              cstackCOMRAM 000009
btemp                          (abs)        000001
btemp0                         (abs)        000001
btemp1                         (abs)        000002
clcd_print@addr                cstackCOMRAM 000006
clcd_print@data                cstackCOMRAM 000004
clcd_putch@addr                cstackCOMRAM 000004
clcd_putch@data                cstackCOMRAM 000005
clcd_write@byte                cstackCOMRAM 000003
clcd_write@control_bit         cstackCOMRAM 000002
display_main_menu@F10519       dataBANK0    00006A
display_main_menu@menu         cstackCOMRAM 000008
download_log@F10519            dataBANK0    000060
download_log@F10521            dataBANK0    00007D
download_log@F10523            dataBANK0    000085
download_log@F10525            dataBANK0    000074
download_log@gear              cstackCOMRAM 000007
download_log@ind               cstackCOMRAM 000029
download_log@si_no             cstackCOMRAM 00000E
download_log@speed             cstackCOMRAM 000018
download_log@time              cstackCOMRAM 000020
end_of_initialization          cinit        00165C
i2c_write@data                 cstackCOMRAM 000002
init_ds1307@dummy              cstackCOMRAM 000005
int$flags                      (abs)        000001
int_func                       intcode_body 001340
intlevel0                      text         000000
intlevel1                      text         000000
intlevel2                      text         000000
intlevel3                      text         000000
isa$std                        (abs)        000001
isa$xinst                      (abs)        000000
putch@byte                     cstackCOMRAM 000002
puts@s                         cstackCOMRAM 000003
read_adc@channel               cstackCOMRAM 000008
read_adc@reg_val               cstackCOMRAM 000006
read_ds1307@address            cstackCOMRAM 000003
read_ds1307@data               cstackCOMRAM 000004
read_internal_eeprom@address   cstackCOMRAM 000002
read_switches@detection_type   cstackCOMRAM 000002
read_switches@key              bssCOMRAM    000055
read_switches@once             dataCOMRAM   00005D
set_time@hour                  cstackCOMRAM 00000E
set_time@minute                cstackCOMRAM 00000F
set_time@second                cstackCOMRAM 000010
stackhi                        (abs)        000000
stacklo                        (abs)        000000
start                          init         00000E
start_initialization           cinit        00160C
view_dashboard@i               cstackCOMRAM 00003A
write_ds1307@address           cstackCOMRAM 000004
write_ds1307@data              cstackCOMRAM 000003
write_internal_eeprom@address  cstackCOMRAM 000003
write_internal_eeprom@data     cstackCOMRAM 000002


MODULE INFORMATION

Module		Function		Class		Link	Load	Size
download_log.c
		_download_log  		CODE           	0EA8	0000	396

download_log.c estimated size: 396

C:\Program Files\Microchip\xc8\v3.10\pic\sources\c99\common\lwmod.c
		___lwmod       		CODE           	15A8	0000	100

C:\Program Files\Microchip\xc8\v3.10\pic\sources\c99\common\lwmod.c estimated size: 100

matrix_keypad.c
		_init_matrix_keypad		CODE           	1980	0000	18
		_read_switches 		CODE           	1456	0000	116
		_scan_key      		CODE           	1034	0000	264

matrix_keypad.c estimated size: 398

uart.c
		_putch         		CODE           	193E	0000	24
		_init_uart     		CODE           	18CC	0000	32
		_puts          		CODE           	166A	0000	94

uart.c estimated size: 150

view_dashboard.c
		_get_time      		CODE           	13D4	0000	130
		_view_dashboard		CODE           	06BE	0000	746

view_dashboard.c estimated size: 876

i2c.c
		_i2c_start     		CODE           	19D6	0000	8
		_i2c_no_ack    		CODE           	19EE	0000	6
		_i2c_rep_start 		CODE           	19DE	0000	8
		_i2c_idle      		CODE           	1992	0000	18
		_i2c_write     		CODE           	19B6	0000	12
		_i2c_stop      		CODE           	19CE	0000	8
		_i2c_read      		CODE           	19C2	0000	12
		_init_i2c      		CODE           	1956	0000	22
		_i2c_rx_mode   		CODE           	19E6	0000	8

i2c.c estimated size: 102

display_main_menu.c
		_display_main_menu		CODE           	1242	0000	254

display_main_menu.c estimated size: 254

timer0.c
		_init_timer0   		CODE           	196C	0000	20
		_isr           		CODE           	0008	0000	154

timer0.c estimated size: 174

ds1307.c
		_read_ds1307   		CODE           	1860	0000	42
		_write_ds1307  		CODE           	18EC	0000	30
		_init_ds1307   		CODE           	16C8	0000	72

ds1307.c estimated size: 144

C:\Program Files\Microchip\xc8\v3.10\pic\sources\c99\common\lwdiv.c
		___lwdiv       		CODE           	14CA	0000	114

C:\Program Files\Microchip\xc8\v3.10\pic\sources\c99\common\lwdiv.c estimated size: 114

eeprom.c
		_read_internal_eeprom		CODE           	19A4	0000	18
		_write_internal_eeprom		CODE           	1830	0000	48

eeprom.c estimated size: 66

adc.c
		_init_adc      		CODE           	190A	0000	28
		_read_adc      		CODE           	1710	0000	70

adc.c estimated size: 98

C:\Program Files\Microchip\xc8\v3.10\pic\sources\c99\common\fltol.c
		___fltol       		CODE           	113C	0000	262

C:\Program Files\Microchip\xc8\v3.10\pic\sources\c99\common\fltol.c estimated size: 262

C:\Program Files\Microchip\xc8\v3.10\pic\sources\c99\common\xxtofl.c
		___xxtofl      		CODE           	0B62	0000	436

C:\Program Files\Microchip\xc8\v3.10\pic\sources\c99\common\xxtofl.c estimated size: 436

C:\Program Files\Microchip\xc8\v3.10\pic\sources\c99\common\sprcdiv.c
		___fldiv       		CODE           	0012	0000	910

C:\Program Files\Microchip\xc8\v3.10\pic\sources\c99\common\sprcdiv.c estimated size: 910

shared
		__initialization		CODE           	160C	0000	80

shared estimated size: 80

clcd.c
		_clcd_write    		CODE           	1792	0000	58
		_clcd_print    		CODE           	153C	0000	108
		_clcd_putch    		CODE           	1926	0000	24
		_init_clcd     		CODE           	17CC	0000	52

clcd.c estimated size: 242

set_time.c
		_set_time      		CODE           	03A0	0000	798
		_bcd_converter 		CODE           	1756	0000	60

set_time.c estimated size: 858

main.c
		_main          		CODE           	0D16	0000	402
		_clear_clcd    		CODE           	188A	0000	34
		_init_config   		CODE           	18AC	0000	32

main.c estimated size: 468

view_log.c
		_view_log      		CODE           	09A8	0000	442

view_log.c estimated size: 442

